// Jest Snapshot v1, https://goo.gl/fbAQLP

exports[`<Footer /> should match snapshot 1`] = `
.c0 {
  width: 100%;
  bottom: 8px;
  text-align: center;
  white-space: nowrap;
  display: -webkit-box;
  display: -webkit-flex;
  display: -ms-flexbox;
  display: flex;
  -webkit-align-items: center;
  -webkit-box-align: center;
  -ms-flex-align: center;
  align-items: center;
  -webkit-box-pack: center;
  -webkit-justify-content: center;
  -ms-flex-pack: center;
  justify-content: center;
  opacity: 0.7;
  gap: 4px;
}

.c1 {
  -webkit-transition: 0.4s;
  transition: 0.4s;
}

.c1:hover {
  opacity: 0.9;
}

<div>
  <footer
    class="c0"
  >
    Made with ðŸ’– by
     
    <a
      class="c1"
      href="https://github.com/gabrielgrs"
      rel="noreferrer"
      target="_blank"
    >
      @gabrielgrs
    </a>
  </footer>
</div>
`;
