// Jest Snapshot v1, https://goo.gl/fbAQLP

exports[`<Navbar /> should match snapshot 1`] = `
.c1 {
  cursor: pointer;
  height: 24px;
  width: 40px;
  background: #282828;
  border-radius: 50px;
  position: relative;
  -webkit-transition: 0.4s all;
  transition: 0.4s all;
}

.c1:after {
  cursor: pointer;
  content: '';
  position: absolute;
  height: 18px;
  width: 18px;
  background: #fefefe;
  border-radius: 50%;
  top: 3px;
  -webkit-transition: 0.4s;
  transition: 0.4s;
  -webkit-transform: translateX(18px);
  -ms-transform: translateX(18px);
  transform: translateX(18px);
}

.c2 {
  cursor: pointer !important;
  position: absolute;
  width: 100%;
  height: 100%;
  opacity: 0;
  z-index: 1;
}

.c0 {
  display: -webkit-box;
  display: -webkit-flex;
  display: -ms-flexbox;
  display: flex;
  -webkit-box-pack: justify;
  -webkit-justify-content: space-between;
  -ms-flex-pack: justify;
  justify-content: space-between;
  -webkit-align-items: center;
  -webkit-box-align: center;
  -ms-flex-align: center;
  align-items: center;
  padding: 0 3%;
  width: 100%;
  height: 100%;
}

<div>
  <nav
    class="c0"
  >
    <a
      href="/"
    >
      <span
        style="box-sizing: border-box; display: inline-block; overflow: hidden; background: none; opacity: 1; border: 0px; margin: 0px; padding: 0px; position: relative; max-width: 100%;"
      >
        <span
          style="box-sizing: border-box; display: block; background: none; opacity: 1; border: 0px; margin: 0px; padding: 0px; max-width: 100%;"
        >
          <img
            alt=""
            aria-hidden="true"
            src="data:image/svg+xml,%3csvg%20xmlns=%27http://www.w3.org/2000/svg%27%20version=%271.1%27%20width=%2725%27%20height=%2725%27/%3e"
            style="display: block; max-width: 100%; background: none; opacity: 1; border: 0px; margin: 0px; padding: 0px;"
          />
        </span>
        <img
          alt="logo"
          data-nimg="intrinsic"
          decoding="async"
          src="/assets/logo.svg"
          srcset="/assets/logo.svg 1x, /assets/logo.svg 2x"
          style="position: absolute; top: 0px; left: 0px; bottom: 0px; right: 0px; box-sizing: border-box; padding: 0px; margin: auto; display: block; width: 0px; height: 0px; min-width: 100%; max-width: 100%; min-height: 100%; max-height: 100%;"
        />
      </span>
    </a>
    <div
      class="c1"
      tabindex="0"
    >
      <input
        class="c2"
        name="isDarkMode"
        type="checkbox"
      />
    </div>
  </nav>
</div>
`;
